// Jest Snapshot v1, https://goo.gl/fbAQLP

exports[`renders correctly match snapshot 1`] = `[Function]`;
